INFO:     Started server process [14552]
INFO:     Waiting for application startup.
[18:14:58] ============================================================
[18:14:58] Yandex Mentor — Server + Daemon starting
[18:14:58] ============================================================
[18:14:58] Mentor scan: starting...
[18:15:45]   [26] collections: 1 issue(s)
[18:15:45]   [27] itertools: 1 issue(s)
[18:15:45]   [28] functools: 1 issue(s)
[18:15:45]   [29] Внутренности Python: 1 issue(s)
[18:15:45]   [30] Профилирование: 1 issue(s)
[18:15:45]   [31] Оптимизация: 1 issue(s)
[18:15:45]   [32] Декораторы: 1 issue(s)
[18:15:45]   [33] Контекстные менеджеры: 1 issue(s)
[18:15:45]   [34] dataclasses: 1 issue(s)
[18:15:45]   [35] Type hints: 1 issue(s)
[18:15:45]   [36] SQL: SELECT: 1 issue(s)
[18:15:45]   [37] SQL: JOIN: 1 issue(s)
[18:15:45]   [38] SQL: GROUP BY: 1 issue(s)
[18:15:45]   [39] SQL: Оконные функции: 1 issue(s)
[18:15:45]   [40] Индексы: 1 issue(s)
[18:15:45]   [41] EXPLAIN: 1 issue(s)
[18:15:45]   [42] Транзакции: 1 issue(s)
[18:15:45]   [43] Redis: 1 issue(s)
[18:15:45]   [44] HTTP: 1 issue(s)
[18:15:45]   [45] REST API: 1 issue(s)
[18:15:45]   [46] FastAPI + Pydantic: 1 issue(s)
[18:15:45]   [47] SQLAlchemy: 1 issue(s)
[18:15:45]   [48] Docker: 1 issue(s)
[18:15:45]   [49] Docker Compose: 1 issue(s)
[18:15:45]   [50] CI/CD: 1 issue(s)
[18:15:45]   [51] Linux + bash: 1 issue(s)
[18:15:45]   [52] Безопасность: 1 issue(s)
[18:15:45]   [53] Процессы: 1 issue(s)
[18:15:45]   [54] Сеть: 1 issue(s)
[18:15:45]   [55] Файлы: 1 issue(s)
[18:15:45]   [56] Логирование: 1 issue(s)
[18:15:45]   [57] Метрики: 1 issue(s)
[18:15:45]   [58] Трейсинг: 1 issue(s)
[18:15:45]   [59] systemd: 1 issue(s)
[18:15:45]   [60] URL Shortener: 1 issue(s)
[18:15:45]   [61] Лента новостей: 1 issue(s)
[18:15:45]   [62] Поисковик: 1 issue(s)
[18:15:45]   [63] Кэширование: 1 issue(s)
[18:15:45]   [64] Очереди: 1 issue(s)
[18:15:45]   [65] Масштабирование: 1 issue(s)
[18:15:45]   [66] Мок: Алгоритм: 1 issue(s)
[18:15:45]   [67] Мок: Python: 1 issue(s)
[18:15:45]   [68] Мок: Backend: 1 issue(s)
[18:15:45]   [69] Мок: System Design: 1 issue(s)
[18:15:45] Mentor scan: done. 25/69 tasks passing tests.
[18:15:45] Server ready: http://localhost:8000
INFO:     Application startup complete.
INFO:     Uvicorn running on http://0.0.0.0:8000 (Press CTRL+C to quit)
[18:15:45] Mentor watcher: active on C:\Users\Pavel\Desktop\yandex_review\backend
INFO:     127.0.0.1:55632 - "GET /docs HTTP/1.1" 200 OK
INFO:     127.0.0.1:49713 - "GET /api/task/01 HTTP/1.1" 200 OK
INFO:     127.0.0.1:49714 - "GET /api/task/02 HTTP/1.1" 200 OK
INFO:     127.0.0.1:49715 - "POST /api/task/02/status HTTP/1.1" 200 OK
INFO:     127.0.0.1:49716 - "POST /api/task/02/status HTTP/1.1" 422 Unprocessable Content
INFO:     127.0.0.1:49717 - "GET /api/roadmap HTTP/1.1" 200 OK
INFO:     127.0.0.1:49718 - "GET /api/task/07 HTTP/1.1" 200 OK
INFO:     127.0.0.1:49770 - "GET /api/task/26 HTTP/1.1" 200 OK
INFO:     127.0.0.1:54192 - "GET /api/progress HTTP/1.1" 200 OK
INFO:     127.0.0.1:54193 - "GET /api/errors HTTP/1.1" 200 OK
[18:19:50] Change detected: algorithms\16_backtracking\task_16.py -> review
[18:19:50] Mentor scan: starting...
INFO:     127.0.0.1:54208 - "GET /api/roadmap HTTP/1.1" 200 OK
INFO:     127.0.0.1:54209 - "GET /docs HTTP/1.1" 200 OK
[18:20:27]   [26] collections: 1 issue(s)
[18:20:27]   [27] itertools: 1 issue(s)
[18:20:27]   [28] functools: 1 issue(s)
[18:20:27]   [29] Внутренности Python: 1 issue(s)
[18:20:27]   [30] Профилирование: 1 issue(s)
[18:20:27]   [31] Оптимизация: 1 issue(s)
[18:20:27]   [32] Декораторы: 1 issue(s)
[18:20:27]   [33] Контекстные менеджеры: 1 issue(s)
[18:20:27]   [34] dataclasses: 1 issue(s)
[18:20:27]   [35] Type hints: 1 issue(s)
[18:20:27]   [36] SQL: SELECT: 1 issue(s)
[18:20:27]   [37] SQL: JOIN: 1 issue(s)
[18:20:27]   [38] SQL: GROUP BY: 1 issue(s)
[18:20:27]   [39] SQL: Оконные функции: 1 issue(s)
[18:20:27]   [40] Индексы: 1 issue(s)
[18:20:27]   [41] EXPLAIN: 1 issue(s)
[18:20:27]   [42] Транзакции: 1 issue(s)
[18:20:27]   [43] Redis: 1 issue(s)
[18:20:27]   [44] HTTP: 1 issue(s)
[18:20:27]   [45] REST API: 1 issue(s)
[18:20:27]   [46] FastAPI + Pydantic: 1 issue(s)
[18:20:27]   [47] SQLAlchemy: 1 issue(s)
[18:20:27]   [48] Docker: 1 issue(s)
[18:20:27]   [49] Docker Compose: 1 issue(s)
[18:20:27]   [50] CI/CD: 1 issue(s)
[18:20:27]   [51] Linux + bash: 1 issue(s)
[18:20:27]   [52] Безопасность: 1 issue(s)
[18:20:27]   [53] Процессы: 1 issue(s)
[18:20:27]   [54] Сеть: 1 issue(s)
[18:20:27]   [55] Файлы: 1 issue(s)
[18:20:27]   [56] Логирование: 1 issue(s)
[18:20:27]   [57] Метрики: 1 issue(s)
[18:20:27]   [58] Трейсинг: 1 issue(s)
[18:20:27]   [59] systemd: 1 issue(s)
[18:20:27]   [60] URL Shortener: 1 issue(s)
[18:20:27]   [61] Лента новостей: 1 issue(s)
[18:20:27]   [62] Поисковик: 1 issue(s)
[18:20:27]   [63] Кэширование: 1 issue(s)
[18:20:27]   [64] Очереди: 1 issue(s)
[18:20:27]   [65] Масштабирование: 1 issue(s)
[18:20:27]   [66] Мок: Алгоритм: 1 issue(s)
[18:20:27]   [67] Мок: Python: 1 issue(s)
[18:20:27]   [68] Мок: Backend: 1 issue(s)
[18:20:27]   [69] Мок: System Design: 1 issue(s)
[18:20:27] Mentor scan: done. 25/69 tasks passing tests.
[18:20:27] Change detected: algorithms\21_trie\task_21.py -> review
[18:20:27] Mentor scan: starting...
[18:21:05]   [26] collections: 1 issue(s)
[18:21:05]   [27] itertools: 1 issue(s)
[18:21:05]   [28] functools: 1 issue(s)
[18:21:05]   [29] Внутренности Python: 1 issue(s)
[18:21:05]   [30] Профилирование: 1 issue(s)
[18:21:05]   [31] Оптимизация: 1 issue(s)
[18:21:05]   [32] Декораторы: 1 issue(s)
[18:21:05]   [33] Контекстные менеджеры: 1 issue(s)
[18:21:05]   [34] dataclasses: 1 issue(s)
[18:21:05]   [35] Type hints: 1 issue(s)
[18:21:05]   [36] SQL: SELECT: 1 issue(s)
[18:21:05]   [37] SQL: JOIN: 1 issue(s)
[18:21:05]   [38] SQL: GROUP BY: 1 issue(s)
[18:21:05]   [39] SQL: Оконные функции: 1 issue(s)
[18:21:05]   [40] Индексы: 1 issue(s)
[18:21:05]   [41] EXPLAIN: 1 issue(s)
[18:21:05]   [42] Транзакции: 1 issue(s)
[18:21:05]   [43] Redis: 1 issue(s)
[18:21:05]   [44] HTTP: 1 issue(s)
[18:21:05]   [45] REST API: 1 issue(s)
[18:21:05]   [46] FastAPI + Pydantic: 1 issue(s)
[18:21:05]   [47] SQLAlchemy: 1 issue(s)
[18:21:05]   [48] Docker: 1 issue(s)
[18:21:05]   [49] Docker Compose: 1 issue(s)
[18:21:05]   [50] CI/CD: 1 issue(s)
[18:21:05]   [51] Linux + bash: 1 issue(s)
[18:21:05]   [52] Безопасность: 1 issue(s)
[18:21:05]   [53] Процессы: 1 issue(s)
[18:21:05]   [54] Сеть: 1 issue(s)
[18:21:05]   [55] Файлы: 1 issue(s)
[18:21:05]   [56] Логирование: 1 issue(s)
[18:21:05]   [57] Метрики: 1 issue(s)
[18:21:05]   [58] Трейсинг: 1 issue(s)
[18:21:05]   [59] systemd: 1 issue(s)
[18:21:05]   [60] URL Shortener: 1 issue(s)
[18:21:05]   [61] Лента новостей: 1 issue(s)
[18:21:05]   [62] Поисковик: 1 issue(s)
[18:21:05]   [63] Кэширование: 1 issue(s)
[18:21:05]   [64] Очереди: 1 issue(s)
[18:21:05]   [65] Масштабирование: 1 issue(s)
[18:21:05]   [66] Мок: Алгоритм: 1 issue(s)
[18:21:05]   [67] Мок: Python: 1 issue(s)
[18:21:05]   [68] Мок: Backend: 1 issue(s)
[18:21:05]   [69] Мок: System Design: 1 issue(s)
[18:21:05] Mentor scan: done. 25/69 tasks passing tests.
[18:21:05] Change detected: algorithms\22_dijkstra\task_22.py -> review
[18:21:05] Mentor scan: starting...
[18:21:35]   [26] collections: 1 issue(s)
[18:21:35]   [27] itertools: 1 issue(s)
[18:21:35]   [28] functools: 1 issue(s)
[18:21:35]   [29] Внутренности Python: 1 issue(s)
[18:21:35]   [30] Профилирование: 1 issue(s)
[18:21:35]   [31] Оптимизация: 1 issue(s)
[18:21:35]   [32] Декораторы: 1 issue(s)
[18:21:35]   [33] Контекстные менеджеры: 1 issue(s)
[18:21:35]   [34] dataclasses: 1 issue(s)
[18:21:35]   [35] Type hints: 1 issue(s)
[18:21:35]   [36] SQL: SELECT: 1 issue(s)
[18:21:35]   [37] SQL: JOIN: 1 issue(s)
[18:21:35]   [38] SQL: GROUP BY: 1 issue(s)
[18:21:35]   [39] SQL: Оконные функции: 1 issue(s)
[18:21:35]   [40] Индексы: 1 issue(s)
[18:21:35]   [41] EXPLAIN: 1 issue(s)
[18:21:35]   [42] Транзакции: 1 issue(s)
[18:21:35]   [43] Redis: 1 issue(s)
[18:21:35]   [44] HTTP: 1 issue(s)
[18:21:35]   [45] REST API: 1 issue(s)
[18:21:35]   [46] FastAPI + Pydantic: 1 issue(s)
[18:21:35]   [47] SQLAlchemy: 1 issue(s)
[18:21:35]   [48] Docker: 1 issue(s)
[18:21:35]   [49] Docker Compose: 1 issue(s)
[18:21:35]   [50] CI/CD: 1 issue(s)
[18:21:35]   [51] Linux + bash: 1 issue(s)
[18:21:35]   [52] Безопасность: 1 issue(s)
[18:21:35]   [53] Процессы: 1 issue(s)
[18:21:35]   [54] Сеть: 1 issue(s)
[18:21:35]   [55] Файлы: 1 issue(s)
[18:21:35]   [56] Логирование: 1 issue(s)
[18:21:35]   [57] Метрики: 1 issue(s)
[18:21:35]   [58] Трейсинг: 1 issue(s)
[18:21:35]   [59] systemd: 1 issue(s)
[18:21:35]   [60] URL Shortener: 1 issue(s)
[18:21:35]   [61] Лента новостей: 1 issue(s)
[18:21:35]   [62] Поисковик: 1 issue(s)
[18:21:35]   [63] Кэширование: 1 issue(s)
[18:21:35]   [64] Очереди: 1 issue(s)
[18:21:35]   [65] Масштабирование: 1 issue(s)
[18:21:35]   [66] Мок: Алгоритм: 1 issue(s)
[18:21:35]   [67] Мок: Python: 1 issue(s)
[18:21:35]   [68] Мок: Backend: 1 issue(s)
[18:21:35]   [69] Мок: System Design: 1 issue(s)
[18:21:35] Mentor scan: done. 25/69 tasks passing tests.
[18:21:35] Change detected: algorithms\23_bitwise\task_23.py -> review
[18:21:35] Mentor scan: starting...
[18:22:05]   [26] collections: 1 issue(s)
[18:22:05]   [27] itertools: 1 issue(s)
[18:22:05]   [28] functools: 1 issue(s)
[18:22:05]   [29] Внутренности Python: 1 issue(s)
[18:22:05]   [30] Профилирование: 1 issue(s)
[18:22:05]   [31] Оптимизация: 1 issue(s)
[18:22:05]   [32] Декораторы: 1 issue(s)
[18:22:05]   [33] Контекстные менеджеры: 1 issue(s)
[18:22:05]   [34] dataclasses: 1 issue(s)
[18:22:05]   [35] Type hints: 1 issue(s)
[18:22:05]   [36] SQL: SELECT: 1 issue(s)
[18:22:05]   [37] SQL: JOIN: 1 issue(s)
[18:22:05]   [38] SQL: GROUP BY: 1 issue(s)
[18:22:05]   [39] SQL: Оконные функции: 1 issue(s)
[18:22:05]   [40] Индексы: 1 issue(s)
[18:22:05]   [41] EXPLAIN: 1 issue(s)
[18:22:05]   [42] Транзакции: 1 issue(s)
[18:22:05]   [43] Redis: 1 issue(s)
[18:22:05]   [44] HTTP: 1 issue(s)
[18:22:05]   [45] REST API: 1 issue(s)
[18:22:05]   [46] FastAPI + Pydantic: 1 issue(s)
[18:22:05]   [47] SQLAlchemy: 1 issue(s)
[18:22:05]   [48] Docker: 1 issue(s)
[18:22:05]   [49] Docker Compose: 1 issue(s)
[18:22:05]   [50] CI/CD: 1 issue(s)
[18:22:05]   [51] Linux + bash: 1 issue(s)
[18:22:05]   [52] Безопасность: 1 issue(s)
[18:22:05]   [53] Процессы: 1 issue(s)
[18:22:05]   [54] Сеть: 1 issue(s)
[18:22:05]   [55] Файлы: 1 issue(s)
[18:22:05]   [56] Логирование: 1 issue(s)
[18:22:05]   [57] Метрики: 1 issue(s)
[18:22:05]   [58] Трейсинг: 1 issue(s)
[18:22:05]   [59] systemd: 1 issue(s)
[18:22:05]   [60] URL Shortener: 1 issue(s)
[18:22:05]   [61] Лента новостей: 1 issue(s)
[18:22:05]   [62] Поисковик: 1 issue(s)
[18:22:05]   [63] Кэширование: 1 issue(s)
[18:22:05]   [64] Очереди: 1 issue(s)
[18:22:05]   [65] Масштабирование: 1 issue(s)
[18:22:05]   [66] Мок: Алгоритм: 1 issue(s)
[18:22:05]   [67] Мок: Python: 1 issue(s)
[18:22:05]   [68] Мок: Backend: 1 issue(s)
[18:22:05]   [69] Мок: System Design: 1 issue(s)
[18:22:05] Mentor scan: done. 25/69 tasks passing tests.
[18:22:05] Change detected: algorithms\24_strings\task_24.py -> review
[18:22:05] Mentor scan: starting...
[18:22:35]   [26] collections: 1 issue(s)
[18:22:35]   [27] itertools: 1 issue(s)
[18:22:35]   [28] functools: 1 issue(s)
[18:22:35]   [29] Внутренности Python: 1 issue(s)
[18:22:35]   [30] Профилирование: 1 issue(s)
[18:22:35]   [31] Оптимизация: 1 issue(s)
[18:22:35]   [32] Декораторы: 1 issue(s)
[18:22:35]   [33] Контекстные менеджеры: 1 issue(s)
[18:22:35]   [34] dataclasses: 1 issue(s)
[18:22:35]   [35] Type hints: 1 issue(s)
[18:22:35]   [36] SQL: SELECT: 1 issue(s)
[18:22:35]   [37] SQL: JOIN: 1 issue(s)
[18:22:35]   [38] SQL: GROUP BY: 1 issue(s)
[18:22:35]   [39] SQL: Оконные функции: 1 issue(s)
[18:22:35]   [40] Индексы: 1 issue(s)
[18:22:35]   [41] EXPLAIN: 1 issue(s)
[18:22:35]   [42] Транзакции: 1 issue(s)
[18:22:35]   [43] Redis: 1 issue(s)
[18:22:35]   [44] HTTP: 1 issue(s)
[18:22:35]   [45] REST API: 1 issue(s)
[18:22:35]   [46] FastAPI + Pydantic: 1 issue(s)
[18:22:35]   [47] SQLAlchemy: 1 issue(s)
[18:22:35]   [48] Docker: 1 issue(s)
[18:22:35]   [49] Docker Compose: 1 issue(s)
[18:22:35]   [50] CI/CD: 1 issue(s)
[18:22:35]   [51] Linux + bash: 1 issue(s)
[18:22:35]   [52] Безопасность: 1 issue(s)
[18:22:35]   [53] Процессы: 1 issue(s)
[18:22:35]   [54] Сеть: 1 issue(s)
[18:22:35]   [55] Файлы: 1 issue(s)
[18:22:35]   [56] Логирование: 1 issue(s)
[18:22:35]   [57] Метрики: 1 issue(s)
[18:22:35]   [58] Трейсинг: 1 issue(s)
[18:22:35]   [59] systemd: 1 issue(s)
[18:22:35]   [60] URL Shortener: 1 issue(s)
[18:22:35]   [61] Лента новостей: 1 issue(s)
[18:22:35]   [62] Поисковик: 1 issue(s)
[18:22:35]   [63] Кэширование: 1 issue(s)
[18:22:35]   [64] Очереди: 1 issue(s)
[18:22:35]   [65] Масштабирование: 1 issue(s)
[18:22:35]   [66] Мок: Алгоритм: 1 issue(s)
[18:22:35]   [67] Мок: Python: 1 issue(s)
[18:22:35]   [68] Мок: Backend: 1 issue(s)
[18:22:35]   [69] Мок: System Design: 1 issue(s)
[18:22:35] Mentor scan: done. 25/69 tasks passing tests.
[18:22:35] Change detected: algorithms\25_combinations\task_25.py -> review
[18:22:35] Mentor scan: starting...
[18:23:05]   [26] collections: 1 issue(s)
[18:23:05]   [27] itertools: 1 issue(s)
[18:23:05]   [28] functools: 1 issue(s)
[18:23:05]   [29] Внутренности Python: 1 issue(s)
[18:23:05]   [30] Профилирование: 1 issue(s)
[18:23:05]   [31] Оптимизация: 1 issue(s)
[18:23:05]   [32] Декораторы: 1 issue(s)
[18:23:05]   [33] Контекстные менеджеры: 1 issue(s)
[18:23:05]   [34] dataclasses: 1 issue(s)
[18:23:05]   [35] Type hints: 1 issue(s)
[18:23:05]   [36] SQL: SELECT: 1 issue(s)
[18:23:05]   [37] SQL: JOIN: 1 issue(s)
[18:23:05]   [38] SQL: GROUP BY: 1 issue(s)
[18:23:05]   [39] SQL: Оконные функции: 1 issue(s)
[18:23:05]   [40] Индексы: 1 issue(s)
[18:23:05]   [41] EXPLAIN: 1 issue(s)
[18:23:05]   [42] Транзакции: 1 issue(s)
[18:23:05]   [43] Redis: 1 issue(s)
[18:23:05]   [44] HTTP: 1 issue(s)
[18:23:05]   [45] REST API: 1 issue(s)
[18:23:05]   [46] FastAPI + Pydantic: 1 issue(s)
[18:23:05]   [47] SQLAlchemy: 1 issue(s)
[18:23:05]   [48] Docker: 1 issue(s)
[18:23:05]   [49] Docker Compose: 1 issue(s)
[18:23:05]   [50] CI/CD: 1 issue(s)
[18:23:05]   [51] Linux + bash: 1 issue(s)
[18:23:05]   [52] Безопасность: 1 issue(s)
[18:23:05]   [53] Процессы: 1 issue(s)
[18:23:05]   [54] Сеть: 1 issue(s)
[18:23:05]   [55] Файлы: 1 issue(s)
[18:23:05]   [56] Логирование: 1 issue(s)
[18:23:05]   [57] Метрики: 1 issue(s)
[18:23:05]   [58] Трейсинг: 1 issue(s)
[18:23:05]   [59] systemd: 1 issue(s)
[18:23:05]   [60] URL Shortener: 1 issue(s)
[18:23:05]   [61] Лента новостей: 1 issue(s)
[18:23:05]   [62] Поисковик: 1 issue(s)
[18:23:05]   [63] Кэширование: 1 issue(s)
[18:23:05]   [64] Очереди: 1 issue(s)
[18:23:05]   [65] Масштабирование: 1 issue(s)
[18:23:05]   [66] Мок: Алгоритм: 1 issue(s)
[18:23:05]   [67] Мок: Python: 1 issue(s)
[18:23:05]   [68] Мок: Backend: 1 issue(s)
[18:23:05]   [69] Мок: System Design: 1 issue(s)
[18:23:05] Mentor scan: done. 25/69 tasks passing tests.
INFO:     127.0.0.1:52546 - "GET /api/progress HTTP/1.1" 200 OK
INFO:     127.0.0.1:52546 - "GET /api/progress HTTP/1.1" 200 OK
INFO:     127.0.0.1:65255 - "GET /api/roadmap HTTP/1.1" 200 OK
INFO:     127.0.0.1:65255 - "GET /api/roadmap HTTP/1.1" 200 OK
INFO:     127.0.0.1:54265 - "GET /api/progress HTTP/1.1" 200 OK
INFO:     127.0.0.1:49924 - "GET /api/progress HTTP/1.1" 200 OK
INFO:     127.0.0.1:58818 - "GET /api/roadmap HTTP/1.1" 200 OK
INFO:     127.0.0.1:62898 - "GET /api/roadmap HTTP/1.1" 200 OK
[18:38:40] Change detected: algorithms\01_hash_tables\lecture.md -> review
INFO:     127.0.0.1:55431 - "GET /api/task/01 HTTP/1.1" 200 OK
[18:38:40] Mentor scan: starting...
INFO:     127.0.0.1:52794 - "GET /api/task/01 HTTP/1.1" 200 OK
[18:39:10]   [26] collections: 1 issue(s)
[18:39:10]   [27] itertools: 1 issue(s)
[18:39:10]   [28] functools: 1 issue(s)
[18:39:10]   [29] Внутренности Python: 1 issue(s)
[18:39:10]   [30] Профилирование: 1 issue(s)
[18:39:10]   [31] Оптимизация: 1 issue(s)
[18:39:10]   [32] Декораторы: 1 issue(s)
[18:39:10]   [33] Контекстные менеджеры: 1 issue(s)
[18:39:10]   [34] dataclasses: 1 issue(s)
[18:39:10]   [35] Type hints: 1 issue(s)
[18:39:10]   [36] SQL: SELECT: 1 issue(s)
[18:39:10]   [37] SQL: JOIN: 1 issue(s)
[18:39:10]   [38] SQL: GROUP BY: 1 issue(s)
[18:39:10]   [39] SQL: Оконные функции: 1 issue(s)
[18:39:10]   [40] Индексы: 1 issue(s)
[18:39:10]   [41] EXPLAIN: 1 issue(s)
[18:39:10]   [42] Транзакции: 1 issue(s)
[18:39:10]   [43] Redis: 1 issue(s)
[18:39:10]   [44] HTTP: 1 issue(s)
[18:39:10]   [45] REST API: 1 issue(s)
[18:39:10]   [46] FastAPI + Pydantic: 1 issue(s)
[18:39:10]   [47] SQLAlchemy: 1 issue(s)
[18:39:10]   [48] Docker: 1 issue(s)
[18:39:10]   [49] Docker Compose: 1 issue(s)
[18:39:10]   [50] CI/CD: 1 issue(s)
[18:39:10]   [51] Linux + bash: 1 issue(s)
[18:39:10]   [52] Безопасность: 1 issue(s)
[18:39:10]   [53] Процессы: 1 issue(s)
[18:39:10]   [54] Сеть: 1 issue(s)
[18:39:10]   [55] Файлы: 1 issue(s)
[18:39:10]   [56] Логирование: 1 issue(s)
[18:39:10]   [57] Метрики: 1 issue(s)
[18:39:10]   [58] Трейсинг: 1 issue(s)
[18:39:10]   [59] systemd: 1 issue(s)
[18:39:10]   [60] URL Shortener: 1 issue(s)
[18:39:10]   [61] Лента новостей: 1 issue(s)
[18:39:10]   [62] Поисковик: 1 issue(s)
[18:39:10]   [63] Кэширование: 1 issue(s)
[18:39:10]   [64] Очереди: 1 issue(s)
[18:39:10]   [65] Масштабирование: 1 issue(s)
[18:39:10]   [66] Мок: Алгоритм: 1 issue(s)
[18:39:10]   [67] Мок: Python: 1 issue(s)
[18:39:10]   [68] Мок: Backend: 1 issue(s)
[18:39:10]   [69] Мок: System Design: 1 issue(s)
[18:39:10] Mentor scan: done. 25/69 tasks passing tests.
[18:39:10] Change detected: algorithms\01_hash_tables\task.md -> review
[18:39:10] Mentor scan: starting...
[18:39:42]   [26] collections: 1 issue(s)
[18:39:42]   [27] itertools: 1 issue(s)
[18:39:42]   [28] functools: 1 issue(s)
[18:39:42]   [29] Внутренности Python: 1 issue(s)
[18:39:42]   [30] Профилирование: 1 issue(s)
[18:39:42]   [31] Оптимизация: 1 issue(s)
[18:39:42]   [32] Декораторы: 1 issue(s)
[18:39:42]   [33] Контекстные менеджеры: 1 issue(s)
[18:39:42]   [34] dataclasses: 1 issue(s)
[18:39:42]   [35] Type hints: 1 issue(s)
[18:39:43]   [36] SQL: SELECT: 1 issue(s)
[18:39:43]   [37] SQL: JOIN: 1 issue(s)
[18:39:43]   [38] SQL: GROUP BY: 1 issue(s)
[18:39:43]   [39] SQL: Оконные функции: 1 issue(s)
[18:39:43]   [40] Индексы: 1 issue(s)
[18:39:43]   [41] EXPLAIN: 1 issue(s)
[18:39:43]   [42] Транзакции: 1 issue(s)
[18:39:43]   [43] Redis: 1 issue(s)
[18:39:43]   [44] HTTP: 1 issue(s)
[18:39:43]   [45] REST API: 1 issue(s)
[18:39:43]   [46] FastAPI + Pydantic: 1 issue(s)
[18:39:43]   [47] SQLAlchemy: 1 issue(s)
[18:39:43]   [48] Docker: 1 issue(s)
[18:39:43]   [49] Docker Compose: 1 issue(s)
[18:39:43]   [50] CI/CD: 1 issue(s)
[18:39:43]   [51] Linux + bash: 1 issue(s)
[18:39:43]   [52] Безопасность: 1 issue(s)
[18:39:43]   [53] Процессы: 1 issue(s)
[18:39:43]   [54] Сеть: 1 issue(s)
[18:39:43]   [55] Файлы: 1 issue(s)
[18:39:43]   [56] Логирование: 1 issue(s)
[18:39:43]   [57] Метрики: 1 issue(s)
[18:39:43]   [58] Трейсинг: 1 issue(s)
[18:39:43]   [59] systemd: 1 issue(s)
[18:39:43]   [60] URL Shortener: 1 issue(s)
[18:39:43]   [61] Лента новостей: 1 issue(s)
[18:39:43]   [62] Поисковик: 1 issue(s)
[18:39:43]   [63] Кэширование: 1 issue(s)
[18:39:43]   [64] Очереди: 1 issue(s)
[18:39:43]   [65] Масштабирование: 1 issue(s)
[18:39:43]   [66] Мок: Алгоритм: 1 issue(s)
[18:39:43]   [67] Мок: Python: 1 issue(s)
[18:39:43]   [68] Мок: Backend: 1 issue(s)
[18:39:43]   [69] Мок: System Design: 1 issue(s)
[18:39:43] Mentor scan: done. 25/69 tasks passing tests.
INFO:     127.0.0.1:52813 - "OPTIONS /api/task/01/solution HTTP/1.1" 200 OK
[18:43:39] Change detected: algorithms\01_hash_tables\task_01.py -> review
[18:43:39] Mentor scan: starting...
[18:43:39]   [01] Хеш-таблицы: 1 issue(s)
INFO:     127.0.0.1:52813 - "POST /api/task/01/solution HTTP/1.1" 200 OK
INFO:     127.0.0.1:57439 - "GET /api/roadmap HTTP/1.1" 200 OK
INFO:     127.0.0.1:50664 - "GET /api/roadmap HTTP/1.1" 200 OK
INFO:     127.0.0.1:60504 - "GET /api/progress HTTP/1.1" 200 OK
INFO:     127.0.0.1:50664 - "GET /api/progress HTTP/1.1" 200 OK
INFO:     127.0.0.1:50060 - "GET /api/task/01 HTTP/1.1" 200 OK
INFO:     127.0.0.1:58911 - "GET /api/task/01 HTTP/1.1" 200 OK
[18:44:10]   [26] collections: 1 issue(s)
[18:44:10]   [27] itertools: 1 issue(s)
[18:44:10]   [28] functools: 1 issue(s)
[18:44:10]   [29] Внутренности Python: 1 issue(s)
[18:44:10]   [30] Профилирование: 1 issue(s)
[18:44:10]   [31] Оптимизация: 1 issue(s)
[18:44:10]   [32] Декораторы: 1 issue(s)
[18:44:10]   [33] Контекстные менеджеры: 1 issue(s)
[18:44:10]   [34] dataclasses: 1 issue(s)
[18:44:10]   [35] Type hints: 1 issue(s)
[18:44:10]   [36] SQL: SELECT: 1 issue(s)
[18:44:10]   [37] SQL: JOIN: 1 issue(s)
[18:44:10]   [38] SQL: GROUP BY: 1 issue(s)
[18:44:10]   [39] SQL: Оконные функции: 1 issue(s)
[18:44:10]   [40] Индексы: 1 issue(s)
[18:44:10]   [41] EXPLAIN: 1 issue(s)
[18:44:10]   [42] Транзакции: 1 issue(s)
[18:44:10]   [43] Redis: 1 issue(s)
[18:44:10]   [44] HTTP: 1 issue(s)
[18:44:10]   [45] REST API: 1 issue(s)
[18:44:10]   [46] FastAPI + Pydantic: 1 issue(s)
[18:44:10]   [47] SQLAlchemy: 1 issue(s)
[18:44:10]   [48] Docker: 1 issue(s)
[18:44:10]   [49] Docker Compose: 1 issue(s)
[18:44:10]   [50] CI/CD: 1 issue(s)
[18:44:10]   [51] Linux + bash: 1 issue(s)
[18:44:10]   [52] Безопасность: 1 issue(s)
[18:44:10]   [53] Процессы: 1 issue(s)
[18:44:10]   [54] Сеть: 1 issue(s)
[18:44:10]   [55] Файлы: 1 issue(s)
[18:44:10]   [56] Логирование: 1 issue(s)
[18:44:10]   [57] Метрики: 1 issue(s)
[18:44:10]   [58] Трейсинг: 1 issue(s)
[18:44:10]   [59] systemd: 1 issue(s)
[18:44:10]   [60] URL Shortener: 1 issue(s)
[18:44:10]   [61] Лента новостей: 1 issue(s)
[18:44:10]   [62] Поисковик: 1 issue(s)
[18:44:10]   [63] Кэширование: 1 issue(s)
[18:44:10]   [64] Очереди: 1 issue(s)
[18:44:10]   [65] Масштабирование: 1 issue(s)
[18:44:10]   [66] Мок: Алгоритм: 1 issue(s)
[18:44:10]   [67] Мок: Python: 1 issue(s)
[18:44:10]   [68] Мок: Backend: 1 issue(s)
[18:44:11]   [69] Мок: System Design: 1 issue(s)
[18:44:11] Mentor scan: done. 24/69 tasks passing tests.
[18:55:01] Change detected: python\26_collections\task.md -> review
[18:55:01] Mentor scan: starting...
[18:55:01]   [01] Хеш-таблицы: 1 issue(s)
[18:55:43]   [26] collections: 1 issue(s)
[18:55:43]   [27] itertools: 1 issue(s)
[18:55:43]   [28] functools: 1 issue(s)
[18:55:43]   [29] Внутренности Python: 1 issue(s)
[18:55:43]   [30] Профилирование: 1 issue(s)
[18:55:43]   [31] Оптимизация: 1 issue(s)
[18:55:43]   [32] Декораторы: 1 issue(s)
[18:55:43]   [33] Контекстные менеджеры: 1 issue(s)
[18:55:43]   [34] dataclasses: 1 issue(s)
[18:55:43]   [35] Type hints: 1 issue(s)
[18:55:43]   [36] SQL: SELECT: 1 issue(s)
[18:55:43]   [37] SQL: JOIN: 1 issue(s)
[18:55:43]   [38] SQL: GROUP BY: 1 issue(s)
[18:55:43]   [39] SQL: Оконные функции: 1 issue(s)
[18:55:43]   [40] Индексы: 1 issue(s)
[18:55:43]   [41] EXPLAIN: 1 issue(s)
[18:55:43]   [42] Транзакции: 1 issue(s)
[18:55:43]   [43] Redis: 1 issue(s)
[18:55:43]   [44] HTTP: 1 issue(s)
[18:55:43]   [45] REST API: 1 issue(s)
[18:55:43]   [46] FastAPI + Pydantic: 1 issue(s)
[18:55:43]   [47] SQLAlchemy: 1 issue(s)
[18:55:43]   [48] Docker: 1 issue(s)
[18:55:43]   [49] Docker Compose: 1 issue(s)
[18:55:43]   [50] CI/CD: 1 issue(s)
[18:55:43]   [51] Linux + bash: 1 issue(s)
[18:55:43]   [52] Безопасность: 1 issue(s)
[18:55:43]   [53] Процессы: 1 issue(s)
[18:55:43]   [54] Сеть: 1 issue(s)
[18:55:43]   [55] Файлы: 1 issue(s)
[18:55:43]   [56] Логирование: 1 issue(s)
[18:55:43]   [57] Метрики: 1 issue(s)
[18:55:43]   [58] Трейсинг: 1 issue(s)
[18:55:43]   [59] systemd: 1 issue(s)
[18:55:43]   [60] URL Shortener: 1 issue(s)
[18:55:43]   [61] Лента новостей: 1 issue(s)
[18:55:43]   [62] Поисковик: 1 issue(s)
[18:55:43]   [63] Кэширование: 1 issue(s)
[18:55:43]   [64] Очереди: 1 issue(s)
[18:55:43]   [65] Масштабирование: 1 issue(s)
[18:55:43]   [66] Мок: Алгоритм: 1 issue(s)
[18:55:43]   [67] Мок: Python: 1 issue(s)
[18:55:43]   [68] Мок: Backend: 1 issue(s)
[18:55:43]   [69] Мок: System Design: 1 issue(s)
[18:55:43] Mentor scan: done. 24/69 tasks passing tests.
INFO:     127.0.0.1:51674 - "GET / HTTP/1.1" 200 OK
